../Src/ILI9341_driver.c:51:6:ili_send_CMD	16	static
../Src/ILI9341_driver.c:56:6:ili_send_data	16	static
../Src/ILI9341_driver.c:61:6:ILI9341_init	8	static
../Src/ILI9341_driver.c:175:38:delay_cycles	24	static,ignoring_inline_asm
../Src/ILI9341_driver.c:183:6:ili_set_window	24	static
../Src/ILI9341_driver.c:202:6:ili9341_fill_screen	24	static
../Src/ILI9341_driver.c:219:6:reset_TFT	8	static
../Src/ILI9341_driver.c:226:6:draw_char	32	static
../Src/ILI9341_driver.c:249:6:draw_string	40	static
../Src/ILI9341_driver.c:294:6:ili_fill_rect	32	static
../Src/ILI9341_driver.c:314:6:ili_draw_rect	32	static
../Src/ILI9341_driver.c:327:6:ili_draw_point4	24	static
../Src/ILI9341_driver.c:332:6:ili_float_2_intstring	32	static
../Src/ILI9341_driver.c:344:6:ili_plantilla_grafica	32	static
../Src/ILI9341_driver.c:379:6:ili_brightness	16	static
../Src/ILI9341_driver.c:383:6:ili_fill_graphs	16	static
../Src/ILI9341_driver.c:392:6:ili_draw_graph	40	static
