../Src/main.c:109:5:main	8	static
../Src/main.c:162:6:MostrarColor	16	static
../Src/main.c:169:6:ApagarTodo	8	static
../Src/main.c:175:9:LeerBoton	8	static
../Src/main.c:182:5:AntiRebote	16	static
../Src/main.c:200:6:ini_pantalla	8	static
../Src/main.c:212:6:FPU_Enable	4	static,ignoring_inline_asm
../Src/main.c:218:6:clear_fault_flags	4	static
../Src/main.c:224:6:TIM4_IRQHandler	24	static
../Src/main.c:488:6:Recibo_UART3	24	static
../Src/main.c:561:6:Func_Cuadrada	24	static
../Src/main.c:579:6:Func_Ramp	24	static
../Src/main.c:590:6:Func_DienteSierra	24	static
../Src/main.c:602:6:Func_Triangulo	32	static
