../Src/main.c:123:5:main	8	static
../Src/main.c:177:6:MostrarColor	16	static
../Src/main.c:185:6:ApagarTodo	8	static
../Src/main.c:192:9:LeerBoton	8	static
../Src/main.c:200:5:AntiRebote	16	static
../Src/main.c:218:6:ini_pantalla	8	static
../Src/main.c:230:6:FPU_Enable	4	static,ignoring_inline_asm
../Src/main.c:236:6:clear_fault_flags	4	static
../Src/main.c:243:6:Timer4_Interrupcion	24	static
../Src/main.c:402:6:Recibo_UART3	24	static
../Src/main.c:484:6:Func_Cuadrada	24	static
../Src/main.c:504:6:Func_Ramp	24	static
../Src/main.c:521:6:Func_DienteSierra	24	static
../Src/main.c:539:6:Func_Triangulo	40	static
